{
    "constraint": ">=7.3 <=8.1",
    "versions": [
        "7.4",
        "7.3",
        "8.0",
        "8.1"
    ],
    "lowest": "7.3",
    "highest": "8.1"
}
