{
    "constraint": ">=7.3.99999 <=8.1",
    "versions": [
        "7.4",
        "8.0",
        "8.1"
    ],
    "lowest": "7.4",
    "highest": "8.1"
}
