
 [ERROR] Could not parse version constraint foo: Invalid version string "foo"                                           

