
 [ERROR] Could not parse version constraint : Invalid version string ""                                                 

