
 [ERROR] No PHP versions could satisfy the constraint "^7.999".                                                         

