
 [ERROR] No PHP versions could satisfy the constraint "dev-master".                                                     

