{
    "constraint": "^7.3 || ^8.1",
    "versions": [
        "7.3",
        "7.4",
        "8.1",
        "8.2",
        "8.3",
        "8.4"
    ],
    "lowest": "7.3",
    "highest": "8.4"
}
