{
    "constraint": "~7.3.1 || *",
    "versions": [
        "5.6",
        "5.5",
        "5.4",
        "5.3",
        "5.2",
        "5.1",
        "5.0",
        "7.4",
        "7.3",
        "7.2",
        "7.1",
        "7.0",
        "8.4",
        "8.3",
        "8.2",
        "8.1",
        "8.0"
    ],
    "lowest": "5.0",
    "highest": "8.4"
}
