{
    "constraint": ">7.3 <8.1",
    "versions": [
        "7.3",
        "7.4",
        "8.0"
    ],
    "lowest": "7.3",
    "highest": "8.0"
}
