
In Command.php line 116:
                                                                     
  Error! No PHP versions could satisfy the constraint 'dev-master'.  
                                                                     

php-matrix [--source SOURCE] [--mode MODE] [--] <constraint>

