
In Command.php line 117:
                                                             
  Error! No PHP versions could satisfy the constraint '^4'.  
                                                             

php-matrix [--source SOURCE] [--mode MODE] [--] <constraint>

