{
    "constraint": ">=7.3.99999 <=8.1",
    "versions": [
        "7.4.33",
        "7.4.32",
        "7.4.30",
        "7.4.29",
        "7.4.28",
        "7.4.27",
        "7.4.26",
        "7.4.25",
        "7.4.24",
        "7.4.23",
        "7.4.22",
        "7.4.21",
        "7.4.20",
        "7.4.19",
        "7.4.18",
        "7.4.16",
        "7.4.15",
        "7.4.14",
        "7.4.13",
        "7.4.12",
        "7.4.11",
        "7.4.10",
        "7.4.9",
        "7.4.8",
        "7.4.7",
        "7.4.6",
        "7.4.5",
        "7.4.4",
        "7.4.3",
        "7.4.2",
        "7.4.1",
        "7.4.0",
        "8.0.30",
        "8.0.29",
        "8.0.28",
        "8.0.27",
        "8.0.26",
        "8.0.25",
        "8.0.24",
        "8.0.23",
        "8.0.22",
        "8.0.21",
        "8.0.20",
        "8.0.19",
        "8.0.18",
        "8.0.17",
        "8.0.16",
        "8.0.15",
        "8.0.14",
        "8.1.0",
        "8.0.13",
        "8.0.12",
        "8.0.11",
        "8.0.10",
        "8.0.9",
        "8.0.8",
        "8.0.7",
        "8.0.6",
        "8.0.5",
        "8.0.3",
        "8.0.2",
        "8.0.1",
        "8.0.0"
    ],
    "lowest": "7.4.0",
    "highest": "8.1.0"
}
