
In Command.php line 116:
                                                                 
  Error! No PHP versions could satisfy the constraint '^7.999'.  
                                                                 

php-matrix [--source SOURCE] [--mode MODE] [--] <constraint>

